// Jest Snapshot v1, https://goo.gl/fbAQLP

exports[`should return null for depWalker of @slimio/is 1`] = `
Object {
  "@slimio/is": Object {
    "1.5.1": Object {
      "author": "SlimIO",
      "composition": Object {
        "extensions": Array [
          "",
          ".js",
          ".json",
          ".md",
          ".toml",
          ".ts",
        ],
        "minified": Array [],
        "required": Array [
          "./src/utils",
        ],
        "required_builtin": Array [],
        "unusedOrMissing": Array [],
      },
      "description": "SlimIO is (JavaScript Primitives &amp; Objects type checker)",
      "flags": Object {
        "hasCustomResolver": false,
        "hasDependencies": false,
        "hasExternalCapacity": false,
        "hasIndirectDependencies": false,
        "hasLicense": true,
        "hasManifest": true,
        "hasMinifiedCode": false,
        "hasMissingOrUnusedDependency": false,
        "hasMultipleLicenses": false,
        "hasScript": false,
        "hasSuspectImport": false,
        "isDeprecated": false,
        "isGit": false,
      },
      "gitUrl": null,
      "id": 0,
      "license": Object {
        "hasMultipleLicenses": false,
        "licenses": Array [
          Object {
            "from": "package.json",
            "spdx": Object {
              "fsf": true,
              "fsfAndOsi": true,
              "includesDeprecated": false,
              "osi": true,
            },
            "spdxLicenseLinks": Array [
              "https://spdx.org/licenses/MIT.html#licenseText",
            ],
            "uniqueLicenseIds": Array [
              "MIT",
            ],
          },
          Object {
            "from": "LICENSE",
            "spdx": Object {
              "fsf": true,
              "fsfAndOsi": true,
              "includesDeprecated": false,
              "osi": true,
            },
            "spdxLicenseLinks": Array [
              "https://spdx.org/licenses/MIT.html#licenseText",
            ],
            "uniqueLicenseIds": Array [
              "MIT",
            ],
          },
        ],
        "uniqueLicenseIds": Array [
          "MIT",
        ],
      },
      "usedBy": Object {},
    },
    "metadata": Object {
      "author": "SlimIO",
      "authors": Array [],
      "hasChangedAuthor": false,
      "hasManyPublishers": false,
      "homepage": "https://github.com/SlimIO/is#readme",
      "lastUpdateAt": "2019-06-11T06:41:41.590Z",
      "lastVersion": "1.5.1",
      "publishedCount": 7,
      "publishers": Array [
        Object {
          "firstPublishAt": "2018-09-22T20:36:27.523Z",
          "name": "fraxken",
          "version": "1.0.0",
        },
      ],
    },
    "versions": Array [
      "1.5.1",
    ],
    "vulnerabilities": Array [],
  },
}
`;
