// Jest Snapshot v1, https://goo.gl/fbAQLP

exports[`'/data' should return the fixture payload we expect 1`] = `
Object {
  "foo": "bar",
}
`;
